admin
administrator
test
user
login
guest
mike
sam
support
customer
service
help
taylor
matt
demo
testuser
student
student1
customerservice
station
Office
tester
administrador
administrateur
a
1
manager
letmein
qwerty
tech
info
local
system
pa$$word
access
success
changeme
master
root
user2
xerox
besadmin
sales
pos
pos1
web
scanner
temp
temp1
client
elephant
p4ssw0rd
power
12qwaszx
hercules
samsam
novell
mark
spooky
silver
abc
dr0wssap
ashley
phoenix
frog
000
quality
happy
hockey
m@st3r
boat
ftp
galileo
23wesdxc
supervisor
samurai
wells
kitten
charlie1
charlotte
astonvilla
bulldog
grape
saturn
genie
colorado
bryson
aragorn
Christine
JARROD
formula
paint
carpet
ANTHONY
PETER
eclipse
harris
nell
neptun
central
seagull
bunya
fragipani
enter
buster
qweasdzxc
apple
orange
nicolas
samsung
victoria
diamond
monday
fire
thursday
sally
ocean
gemini
fucker
best
michael
paul
sue
martin
richard
shop
billing
max
jack
john
fax
robert
scan
colin
Jennifer
Jason
Ben
Emma
David
Eli
Christian
Nicole
Adam
Harry
Sarah
Andrew
James
Angela
Jessica
Cameron
Amanda
Lucy
Olivia
Accounts
Johan
Karen
Hayde
Anton
Annette
Alice
Jenny
Dennis
Julia
Caroline
Linda
neal
trevor
norman
jamie
danielle
casey
rachel
anna
jody
nicola
solomon
Matthew
adrian
lyn
Jordan
Josephine
Brian
Jesse
Logan
Iris
Bruno
Joseph
Ian
Tanya
rod
crystal
administrareur
adminserver
microsoft
backupexec
nobody
olga
user3
user4
tupac
cyber
aaa
pub
beta
sys
linux
zxcvbn
Usuario
visitor
operator
qwerty123
anonymous
guest
q1w2e3
Korea
qweasd
private
member
manager
mac
mail
1q2w3e
remoto
setup
superuser
siemens
security
servidor
super
56455645
systime
vip
WebAdmin
9999
11111
000000
00000000
888888
88888888
5201314
sql
computer
Internet
public
default
1234qwer
123qwe
abcd
123abc
123asd
111111
010101
7777
999
hacker
2011
user6
user5
director
user321
ASPNET
administrators
adminadmin
ip
america
sex
account
id
key
keys
usr
